Microchip MPLAB XC8 Compiler V2.45

Linker command line:

-W-3 \
  --edf=C:\Program Files\Microchip\xc8\v2.45\pic\dat\20230818022343_en.msgs \
  -cn -h+dist/default/production\MC.production.sym \
  --cmf=dist/default/production\MC.production.cmf -z -Q18F46K20 \
  -oC:\Users\KIOSTO~1\AppData\Local\Temp\xcBs65o.1\driver_tmp_3.o \
  --defsym=__MPLAB_BUILD=1 --fixupoverflow=error \
  -Mdist/default/production/MC.production.map \
  --md=C:\Users\KIOSTO~1\AppData\Local\Temp\xcBs65o.1\driver_tmp_0.dat -E1 \
  -ver=XC8 Compiler --acfsm=1493 -ACODE=00h-0FFFFh -ACONST=00h-0FFFFh \
  -ASMALLCONST=01000h-010FFhx240 -AMEDIUMCONST=01000h-0FFFFh \
  -ACOMRAM=01h-05Fh -AABS1=00h-0F5Fh -ABIGRAM=01h-0F5Fh \
  -ARAM=060h-0FFh,0100h-01FFhx14,0F00h-0F5Fh -ABANK0=060h-0FFh \
  -ABANK1=0100h-01FFh -ABANK2=0200h-02FFh -ABANK3=0300h-03FFh \
  -ABANK4=0400h-04FFh -ABANK5=0500h-05FFh -ABANK6=0600h-06FFh \
  -ABANK7=0700h-07FFh -ABANK8=0800h-08FFh -ABANK9=0900h-09FFh \
  -ABANK10=0A00h-0AFFh -ABANK11=0B00h-0BFFh -ABANK12=0C00h-0CFFh \
  -ABANK13=0D00h-0DFFh -ABANK14=0E00h-0EFFh -ABANK15=0F00h-0F5Fh \
  -ASFR=0F60h-0FFFh -ABIGSFR=0F60h-0FFFh -ACONFIG=0300000h-030000Dh \
  -AIDLOC=0200000h-0200007h -AEEDATA=0F00000h-0F003FFh -peeprom_data=EEDATA \
  -preset_vec=00h,intcode=08h,intcodelo=018h,powerup,init -pramtop=01000h \
  -psmallconst=SMALLCONST -pmediumconst=MEDIUMCONST -pconst=CONST \
  -AFARRAM=00h-00h \
  -prdata=COMRAM,nvrram=COMRAM,nvbit=COMRAM,rbss=COMRAM,rbit=COMRAM \
  -pfarbss=FARRAM,fardata=FARRAM,nvFARRAM=FARRAM \
  -pintsave_regs=BIGRAM,bigbss=BIGRAM,bigdata=BIGRAM -pbss=RAM \
  -pidata=CODE,irdata=CODE,ibigdata=CODE,ifardata=CODE -prparam=COMRAM \
  C:\Users\KIOSTO~1\AppData\Local\Temp\xcBs65o.1\driver_tmp_9.o \
  dist/default/production\MC.production.o 

Object code version is 3.11

Machine type is 18F46K20



                Name                               Link     Load   Length Selector   Space Scale
C:\Users\KIOSTO~1\AppData\Local\Temp\xcBs65o.1\driver_tmp_9.o
                config                           300000   300000        E        0       4
                init                                 46       46        4        C       0
                reset_vec                             0        0        4        0       0
dist/default/production\MC.production.o
                intcodelo                            18       18       2E        C       0
                intcode                               8        8        6        4       0
                config                           300000   300000        E        0       4
                temp                                 51       51        1        1       1
                smallconst                         1000     1000        2      800       0
                text6                              10C6     10C6        4      801       0
                text5                              10C2     10C2        4      801       0
                intcode_body                       1002     1002       44      801       0
                text3                              10BE     10BE        4      801       0
                text1                              10CA     10CA        2      801       0
                text0                              10B2     10B2        C      801       0
                cstackCOMRAM                         50       50        1        1       1
                dataCOMRAM                            1        1       32        1       1
                bssCOMRAM                            33       33       1D        1       1
                cinit                              1046     1046       3A      801       0
                idataCOMRAM                        1080     1080       32      801       0

TOTAL           Name                               Link     Load   Length     Space
        CLASS   CODE           
                intcodelo                            18       18       2E         0
                intcode                               8        8        6         0
                init                                 46       46        4         0
                reset_vec                             0        0        4         0
                text6                              10C6     10C6        4         0
                text5                              10C2     10C2        4         0
                intcode_body                       1002     1002       44         0
                text3                              10BE     10BE        4         0
                text1                              10CA     10CA        2         0
                text0                              10B2     10B2        C         0
                cinit                              1046     1046       3A         0
                idataCOMRAM                        1080     1080       32         0

        CLASS   CONST          

        CLASS   SMALLCONST     
                smallconst                         1000     1000        2         0

        CLASS   MEDIUMCONST    

        CLASS   COMRAM         
                temp                                 51       51        1         1
                cstackCOMRAM                         50       50        1         1
                dataCOMRAM                            1        1       32         1
                bssCOMRAM                            33       33       1D         1

        CLASS   ABS1           

        CLASS   BIGRAM         

        CLASS   RAM            

        CLASS   BANK0          

        CLASS   BANK1          

        CLASS   BANK2          

        CLASS   BANK3          

        CLASS   BANK4          

        CLASS   BANK5          

        CLASS   BANK6          

        CLASS   BANK7          

        CLASS   BANK8          

        CLASS   BANK9          

        CLASS   BANK10         

        CLASS   BANK11         

        CLASS   BANK12         

        CLASS   BANK13         

        CLASS   BANK14         

        CLASS   BANK15         

        CLASS   SFR            

        CLASS   BIGSFR         

        CLASS   CONFIG         
                config                           300000   300000        E         4

        CLASS   IDLOC          

        CLASS   EEDATA         

        CLASS   FARRAM         

        CLASS   HEAP           

        CLASS   STACK          



SEGMENTS        Name                           Load    Length   Top    Selector   Space  Class

                reset_vec                      000000  000004  000004         0       0  CODE    
                dataCOMRAM                     000001  000051  000052         1       1  COMRAM  
                intcode                        000008  000006  00000E         4       0  CODE    
                intcodelo                      000018  000032  00004A         C       0  CODE    
                smallconst                     001000  000002  001002       800       0  SMALLCON
                intcode_body                   001002  0000CA  0010CC       801       0  CODE    


UNUSED ADDRESS RANGES

        Name                Unused          Largest block    Delta
        BANK0            000060-0000FF               A0
        BANK1            000100-0001FF              100
        BANK10           000A00-000AFF              100
        BANK11           000B00-000BFF              100
        BANK12           000C00-000CFF              100
        BANK13           000D00-000DFF              100
        BANK14           000E00-000EFF              100
        BANK15           000F00-000F5F               60
        BANK2            000200-0002FF              100
        BANK3            000300-0003FF              100
        BANK4            000400-0004FF              100
        BANK5            000500-0005FF              100
        BANK6            000600-0006FF              100
        BANK7            000700-0007FF              100
        BANK8            000800-0008FF              100
        BANK9            000900-0009FF              100
        BIGRAM           000052-000F5F              F0E
        BIGSFR           000F60-000FFF               A0
        CODE             000004-000007                4
                         00000E-000017                A
                         00004A-000FFF              FB6
                         0010CC-00FFFF             EF34
        COMRAM           000052-00005F                E
        CONST            000004-000007                4
                         00000E-000017                A
                         00004A-000FFF              FB6
                         0010CC-00FFFF             EF34
        EEDATA           F00000-F003FF              400
        IDLOC            200000-200007                8
        MEDIUMCONST      0010CC-00FFFF             EF34
        RAM              000060-000F5F              100
        SFR              000F60-000FFF               A0
        SMALLCONST       0010CC-00FFFF              100

                                  Symbol Table

ECU_LED_Init@F3310            bssCOMRAM    00004F
ECU_LED_OFF@F3320             bssCOMRAM    00004D
ECU_LED_ON@F3315              bssCOMRAM    00004E
ECU_LED_TOGGLE@F3325          bssCOMRAM    00004C
ECU_RELAY_Init@F3304          bssCOMRAM    00004B
ECU_RELAY_OFF@F3314           bssCOMRAM    000049
ECU_RELAY_ONN@F3309           bssCOMRAM    00004A
_EEADR                        (abs)        000FA9
_EEADRH                       (abs)        000FAA
_EECON1bits                   (abs)        000FA6
_EECON2                       (abs)        000FA7
_EEDATA                       (abs)        000FA8
_INT0_ISR                     text6        0010C6
_INT0_InterruptHandler        bssCOMRAM    000047
_INT1_InterruptHandler        bssCOMRAM    000045
_INT2_ISR                     text3        0010BE
_INT2_InterruptHandler        bssCOMRAM    000043
_INTCON2bits                  (abs)        000FF1
_INTCON3bits                  (abs)        000FF0
_INTCONbits                   (abs)        000FF2
_InterruptManagerHigh         intcode      000008
_InterruptManagerLow          intcodelo    000018
_LATA                         (abs)        000F89
_LATB                         (abs)        000F8A
_LATC                         (abs)        000F8B
_LATD                         (abs)        000F8C
_LATE                         (abs)        000F8D
_LAT_REG                      dataCOMRAM   00001B
_PORTA                        (abs)        000F80
_PORTB                        (abs)        000F81
_PORTC                        (abs)        000F82
_PORTD                        (abs)        000F83
_PORTE                        (abs)        000F84
_PORT_REG                     dataCOMRAM   000011
_RB4_Flag                     dataCOMRAM   000032
_RB4_InterruptHandler_HIGH    bssCOMRAM    000041
_RB4_InterruptHandler_LOW     bssCOMRAM    00003F
_RB5_Flag                     dataCOMRAM   000031
_RB5_InterruptHandler_HIGH    bssCOMRAM    00003D
_RB5_InterruptHandler_LOW     bssCOMRAM    00003B
_RB6_Flag                     dataCOMRAM   000030
_RB6_InterruptHandler_HIGH    bssCOMRAM    000039
_RB6_InterruptHandler_LOW     bssCOMRAM    000037
_RB7_Flag                     dataCOMRAM   00002F
_RB7_InterruptHandler_HIGH    bssCOMRAM    000035
_RB7_InterruptHandler_LOW     bssCOMRAM    000033
_TRISA                        (abs)        000F92
_TRISB                        (abs)        000F93
_TRISC                        (abs)        000F94
_TRISD                        (abs)        000F95
_TRISE                        (abs)        000F96
_TRIS_REG                     dataCOMRAM   000025
__HRAM                        (abs)        000000
__H__absolute__               __absolute__ 000000
__Habs1                       abs1         000000
__Hbank0                      bank0        000000
__Hbank1                      bank1        000000
__Hbank10                     bank10       000000
__Hbank11                     bank11       000000
__Hbank12                     bank12       000000
__Hbank13                     bank13       000000
__Hbank14                     bank14       000000
__Hbank15                     bank15       000000
__Hbank2                      bank2        000000
__Hbank3                      bank3        000000
__Hbank4                      bank4        000000
__Hbank5                      bank5        000000
__Hbank6                      bank6        000000
__Hbank7                      bank7        000000
__Hbank8                      bank8        000000
__Hbank9                      bank9        000000
__Hbigbss                     bigbss       000000
__Hbigdata                    bigdata      000000
__Hbigram                     bigram       000000
__Hbigsfr                     bigsfr       000000
__Hbss                        bss          000000
__HbssCOMRAM                  bssCOMRAM    000000
__Hcinit                      cinit        000000
__Hclrtext                    clrtext      000000
__Hcomram                     comram       000000
__Hconfig                     config       30000E
__Hconst                      const        000000
__HcstackCOMRAM               cstackCOMRAM 000000
__Hdata                       data         000000
__HdataCOMRAM                 dataCOMRAM   000000
__Heeprom_data                eeprom_data  000000
__Hfarbss                     farbss       000000
__Hfardata                    fardata      000000
__Hheap                       heap         000000
__Hibigdata                   ibigdata     000000
__Hidata                      idata        000000
__HidataCOMRAM                idataCOMRAM  000000
__Hidloc                      idloc        000000
__Hifardata                   ifardata     000000
__Hinit                       init         00004A
__Hintcode                    intcode      00000E
__Hintcode_body               intcode_body 000000
__Hintcodelo                  intcodelo    000046
__Hintentry                   intentry     000000
__Hintret                     intret       000000
__Hintsave_regs               intsave_regs 000000
__Hirdata                     irdata       000000
__Hmediumconst                mediumconst  000000
__HnvFARRAM                   nvFARRAM     000000
__Hnvbit                      nvbit        000000
__Hnvrram                     nvrram       000000
__Hparam                      rparam       000000
__Hpowerup                    powerup      000046
__Hram                        ram          000000
__Hramtop                     ramtop       001000
__Hrbit                       rbit         000000
__Hrbss                       rbss         000000
__Hrdata                      rdata        000000
__Hreset_vec                  reset_vec    000004
__Hrparam                     rparam       000000
__Hsfr                        sfr          000000
__Hsmallconst                 smallconst   001002
__Hspace_0                    (abs)        0010CC
__Hspace_1                    (abs)        000052
__Hspace_2                    (abs)        000000
__Hspace_4                    (abs)        60000E
__Hstack                      stack        000000
__Hstruct                     struct       000000
__Htemp                       temp         000052
__Htext                       text         000000
__Htext0                      text0        000000
__Htext1                      text1        000000
__Htext3                      text3        000000
__Htext5                      text5        000000
__Htext6                      text6        000000
__Init                        text1        0010CA
__LRAM                        (abs)        000001
__L__absolute__               __absolute__ 000000
__Labs1                       abs1         000000
__Lbank0                      bank0        000000
__Lbank1                      bank1        000000
__Lbank10                     bank10       000000
__Lbank11                     bank11       000000
__Lbank12                     bank12       000000
__Lbank13                     bank13       000000
__Lbank14                     bank14       000000
__Lbank15                     bank15       000000
__Lbank2                      bank2        000000
__Lbank3                      bank3        000000
__Lbank4                      bank4        000000
__Lbank5                      bank5        000000
__Lbank6                      bank6        000000
__Lbank7                      bank7        000000
__Lbank8                      bank8        000000
__Lbank9                      bank9        000000
__Lbigbss                     bigbss       000000
__Lbigdata                    bigdata      000000
__Lbigram                     bigram       000000
__Lbigsfr                     bigsfr       000000
__Lbss                        bss          000000
__LbssCOMRAM                  bssCOMRAM    000000
__Lcinit                      cinit        000000
__Lclrtext                    clrtext      000000
__Lcomram                     comram       000000
__Lconfig                     config       000000
__Lconst                      const        000000
__LcstackCOMRAM               cstackCOMRAM 000000
__Ldata                       data         000000
__LdataCOMRAM                 dataCOMRAM   000000
__Leeprom_data                eeprom_data  000000
__Lfarbss                     farbss       000000
__Lfardata                    fardata      000000
__Lheap                       heap         000000
__Libigdata                   ibigdata     000000
__Lidata                      idata        000000
__LidataCOMRAM                idataCOMRAM  000000
__Lidloc                      idloc        000000
__Lifardata                   ifardata     000000
__Linit                       init         000046
__Lintcode                    intcode      000008
__Lintcode_body               intcode_body 000000
__Lintcodelo                  intcodelo    000018
__Lintentry                   intentry     000000
__Lintret                     intret       000000
__Lintsave_regs               intsave_regs 000000
__Lirdata                     irdata       000000
__Lmediumconst                mediumconst  000000
__LnvFARRAM                   nvFARRAM     000000
__Lnvbit                      nvbit        000000
__Lnvrram                     nvrram       000000
__Lparam                      rparam       000000
__Lpowerup                    powerup      000046
__Lram                        ram          000000
__Lramtop                     ramtop       001000
__Lrbit                       rbit         000000
__Lrbss                       rbss         000000
__Lrdata                      rdata        000000
__Lreset_vec                  reset_vec    000000
__Lrparam                     rparam       000000
__Lsfr                        sfr          000000
__Lsmallconst                 smallconst   001000
__Lspace_0                    (abs)        000000
__Lspace_1                    (abs)        000000
__Lspace_2                    (abs)        000000
__Lspace_4                    (abs)        000000
__Lstack                      stack        000000
__Lstruct                     struct       000000
__Ltemp                       temp         000051
__Ltext                       text         000000
__Ltext0                      text0        000000
__Ltext1                      text1        000000
__Ltext3                      text3        000000
__Ltext5                      text5        000000
__Ltext6                      text6        000000
__S0                          (abs)        0010CC
__S1                          (abs)        000052
__S4                          (abs)        000000
__S5                          (abs)        000000
___heap_hi                    (abs)        000000
___heap_lo                    (abs)        000000
___inthi_sp                   stack        000000
___inthi_stack_hi             stack        000000
___inthi_stack_lo             stack        000000
___intlo_sp                   stack        000000
___intlo_stack_hi             stack        000000
___intlo_stack_lo             stack        000000
___param_bank                 (abs)        000000
___rparam_used                (abs)        000001
___sp                         stack        000000
___stack_hi                   stack        000000
___stack_lo                   stack        000000
__accesstop                   (abs)        000060
__activetblptr                (abs)        000002
__end_of_INT0_ISR             text6        0010CA
__end_of_INT2_ISR             text3        0010C2
__end_of_InterruptManagerHigh intcode_body 001046
__end_of_InterruptManagerLow  intcodelo    000046
__end_of__Init                text1        0010CC
__end_of__initialization      cinit        001072
__end_of_main                 text0        0010BE
__end_ofi2_INT2_ISR           text5        0010C6
__initialization              cinit        001046
__mediumconst                 mediumconst  000000
__pbssCOMRAM                  bssCOMRAM    000033
__pcinit                      cinit        001046
__pcstackCOMRAM               cstackCOMRAM 000050
__pdataCOMRAM                 dataCOMRAM   000001
__pidataCOMRAM                idataCOMRAM  001080
__pintcode                    intcode      000008
__pintcode_body               intcode_body 001002
__pintcodelo                  intcodelo    000018
__psmallconst                 smallconst   001000
__ptext0                      text0        0010B2
__ptext1                      text1        0010CA
__ptext3                      text3        0010BE
__ptext5                      text5        0010C2
__ptext6                      text6        0010C6
__ramtop                      ramtop       001000
__smallconst                  smallconst   001000
_keypad_btn_values            dataCOMRAM   000001
_main                         text0        0010B2
btemp                         temp         000051
end_of_initialization         cinit        001072
i2_INT2_ISR                   text5        0010C2
int$flags                     temp         000051
int_func                      intcode_body 001002
intlevel0                     text         000000
intlevel1                     text         000000
intlevel2                     text         000000
intlevel3                     text         000000
isa$std                       (abs)        000001
isa$xinst                     (abs)        000000
stackhi                       (abs)        000000
stacklo                       (abs)        000000
start                         init         000046
start_initialization          cinit        001046
ttemp5                        temp         000052
ttemp6                        temp         000055
ttemp7                        temp         000059
wtemp8                        temp         000052


MODULE INFORMATION

Module		Function		Class		Link	Load	Size
MCAL/Interrupt/INT_MANAGER.c
		_InterruptManagerLow		CODE           	0018	0000	46
		_InterruptManagerHigh		CODE           	0008	0000	74

MCAL/Interrupt/INT_MANAGER.c estimated size: 120

shared
		__initialization		CODE           	1046	0000	44
		i2_INT2_ISR    		CODE           	10C2	0000	4

shared estimated size: 48

app.c
		_main          		CODE           	10B2	0000	12
		__Init         		CODE           	10CA	0000	2

app.c estimated size: 14

MCAL/Interrupt/INT_EXTERNAL.c
		_INT0_ISR      		CODE           	10C6	0000	4
		_INT2_ISR      		CODE           	10BE	0000	4

MCAL/Interrupt/INT_EXTERNAL.c estimated size: 8

